running egg_info
creating build/wall_follower/wall_follower.egg-info
writing build/wall_follower/wall_follower.egg-info/PKG-INFO
writing dependency_links to build/wall_follower/wall_follower.egg-info/dependency_links.txt
writing entry points to build/wall_follower/wall_follower.egg-info/entry_points.txt
writing requirements to build/wall_follower/wall_follower.egg-info/requires.txt
writing top-level names to build/wall_follower/wall_follower.egg-info/top_level.txt
writing manifest file 'build/wall_follower/wall_follower.egg-info/SOURCES.txt'
reading manifest file 'build/wall_follower/wall_follower.egg-info/SOURCES.txt'
writing manifest file 'build/wall_follower/wall_follower.egg-info/SOURCES.txt'
running build
running build_py
creating /home/shanto/Github/wall_bot_ws/src/wall_follower/build/wall_follower/build
creating /home/shanto/Github/wall_bot_ws/src/wall_follower/build/wall_follower/build/lib
creating /home/shanto/Github/wall_bot_ws/src/wall_follower/build/wall_follower/build/lib/wall_follower
copying wall_follower/__init__.py -> /home/shanto/Github/wall_bot_ws/src/wall_follower/build/wall_follower/build/lib/wall_follower
copying wall_follower/wall_follower_node.py -> /home/shanto/Github/wall_bot_ws/src/wall_follower/build/wall_follower/build/lib/wall_follower
copying wall_follower/line_counter_node.py -> /home/shanto/Github/wall_bot_ws/src/wall_follower/build/wall_follower/build/lib/wall_follower
running install
running install_lib
creating /home/shanto/Github/wall_bot_ws/src/wall_follower/install/wall_follower/lib/python3.10/site-packages/wall_follower
copying /home/shanto/Github/wall_bot_ws/src/wall_follower/build/wall_follower/build/lib/wall_follower/__init__.py -> /home/shanto/Github/wall_bot_ws/src/wall_follower/install/wall_follower/lib/python3.10/site-packages/wall_follower
copying /home/shanto/Github/wall_bot_ws/src/wall_follower/build/wall_follower/build/lib/wall_follower/wall_follower_node.py -> /home/shanto/Github/wall_bot_ws/src/wall_follower/install/wall_follower/lib/python3.10/site-packages/wall_follower
copying /home/shanto/Github/wall_bot_ws/src/wall_follower/build/wall_follower/build/lib/wall_follower/line_counter_node.py -> /home/shanto/Github/wall_bot_ws/src/wall_follower/install/wall_follower/lib/python3.10/site-packages/wall_follower
byte-compiling /home/shanto/Github/wall_bot_ws/src/wall_follower/install/wall_follower/lib/python3.10/site-packages/wall_follower/__init__.py to __init__.cpython-310.pyc
byte-compiling /home/shanto/Github/wall_bot_ws/src/wall_follower/install/wall_follower/lib/python3.10/site-packages/wall_follower/wall_follower_node.py to wall_follower_node.cpython-310.pyc
byte-compiling /home/shanto/Github/wall_bot_ws/src/wall_follower/install/wall_follower/lib/python3.10/site-packages/wall_follower/line_counter_node.py to line_counter_node.cpython-310.pyc
running install_data
creating /home/shanto/Github/wall_bot_ws/src/wall_follower/install/wall_follower/share/ament_index
creating /home/shanto/Github/wall_bot_ws/src/wall_follower/install/wall_follower/share/ament_index/resource_index
creating /home/shanto/Github/wall_bot_ws/src/wall_follower/install/wall_follower/share/ament_index/resource_index/packages
copying resource/wall_follower -> /home/shanto/Github/wall_bot_ws/src/wall_follower/install/wall_follower/share/ament_index/resource_index/packages
copying package.xml -> /home/shanto/Github/wall_bot_ws/src/wall_follower/install/wall_follower/share/wall_follower
creating /home/shanto/Github/wall_bot_ws/src/wall_follower/install/wall_follower/share/wall_follower/launch
copying launch/lap_mission.launch.py -> /home/shanto/Github/wall_bot_ws/src/wall_follower/install/wall_follower/share/wall_follower/launch
copying launch/wall_follower.launch.py -> /home/shanto/Github/wall_bot_ws/src/wall_follower/install/wall_follower/share/wall_follower/launch
running install_egg_info
Copying build/wall_follower/wall_follower.egg-info to /home/shanto/Github/wall_bot_ws/src/wall_follower/install/wall_follower/lib/python3.10/site-packages/wall_follower-0.0.0-py3.10.egg-info
running install_scripts
Installing line_counter_node script to /home/shanto/Github/wall_bot_ws/src/wall_follower/install/wall_follower/lib/wall_follower
Installing wall_follower_node script to /home/shanto/Github/wall_bot_ws/src/wall_follower/install/wall_follower/lib/wall_follower
writing list of installed files to '/home/shanto/Github/wall_bot_ws/src/wall_follower/build/wall_follower/install.log'
