[1.321s] Invoking command in '/home/shanto/Github/wall_bot_ws/src/wall_follower': PYTHONPATH=/home/shanto/Github/wall_bot_ws/src/wall_follower/build/wall_follower/prefix_override:/usr/lib/python3/dist-packages/colcon_core/task/python/colcon_distutils_commands:/home/shanto/Github/wall_bot_ws/src/wall_follower/install/wall_follower/lib/python3.10/site-packages:${PYTHONPATH} /usr/bin/python3 -W ignore:setup.py install is deprecated -W ignore:easy_install command is deprecated setup.py egg_info --egg-base build/wall_follower build --build-base /home/shanto/Github/wall_bot_ws/src/wall_follower/build/wall_follower/build install --record /home/shanto/Github/wall_bot_ws/src/wall_follower/build/wall_follower/install.log --single-version-externally-managed install_data
[1.978s] running egg_info
[1.980s] creating build/wall_follower/wall_follower.egg-info
[1.981s] writing build/wall_follower/wall_follower.egg-info/PKG-INFO
[1.981s] writing dependency_links to build/wall_follower/wall_follower.egg-info/dependency_links.txt
[1.981s] writing entry points to build/wall_follower/wall_follower.egg-info/entry_points.txt
[1.982s] writing requirements to build/wall_follower/wall_follower.egg-info/requires.txt
[1.982s] writing top-level names to build/wall_follower/wall_follower.egg-info/top_level.txt
[1.982s] writing manifest file 'build/wall_follower/wall_follower.egg-info/SOURCES.txt'
[1.986s] reading manifest file 'build/wall_follower/wall_follower.egg-info/SOURCES.txt'
[1.988s] writing manifest file 'build/wall_follower/wall_follower.egg-info/SOURCES.txt'
[1.988s] running build
[1.988s] running build_py
[1.989s] creating /home/shanto/Github/wall_bot_ws/src/wall_follower/build/wall_follower/build
[1.989s] creating /home/shanto/Github/wall_bot_ws/src/wall_follower/build/wall_follower/build/lib
[1.989s] creating /home/shanto/Github/wall_bot_ws/src/wall_follower/build/wall_follower/build/lib/wall_follower
[1.989s] copying wall_follower/__init__.py -> /home/shanto/Github/wall_bot_ws/src/wall_follower/build/wall_follower/build/lib/wall_follower
[1.990s] copying wall_follower/wall_follower_node.py -> /home/shanto/Github/wall_bot_ws/src/wall_follower/build/wall_follower/build/lib/wall_follower
[1.990s] copying wall_follower/line_counter_node.py -> /home/shanto/Github/wall_bot_ws/src/wall_follower/build/wall_follower/build/lib/wall_follower
[1.990s] running install
[1.990s] running install_lib
[1.993s] creating /home/shanto/Github/wall_bot_ws/src/wall_follower/install/wall_follower/lib/python3.10/site-packages/wall_follower
[1.993s] copying /home/shanto/Github/wall_bot_ws/src/wall_follower/build/wall_follower/build/lib/wall_follower/__init__.py -> /home/shanto/Github/wall_bot_ws/src/wall_follower/install/wall_follower/lib/python3.10/site-packages/wall_follower
[1.993s] copying /home/shanto/Github/wall_bot_ws/src/wall_follower/build/wall_follower/build/lib/wall_follower/wall_follower_node.py -> /home/shanto/Github/wall_bot_ws/src/wall_follower/install/wall_follower/lib/python3.10/site-packages/wall_follower
[1.994s] copying /home/shanto/Github/wall_bot_ws/src/wall_follower/build/wall_follower/build/lib/wall_follower/line_counter_node.py -> /home/shanto/Github/wall_bot_ws/src/wall_follower/install/wall_follower/lib/python3.10/site-packages/wall_follower
[1.995s] byte-compiling /home/shanto/Github/wall_bot_ws/src/wall_follower/install/wall_follower/lib/python3.10/site-packages/wall_follower/__init__.py to __init__.cpython-310.pyc
[1.995s] byte-compiling /home/shanto/Github/wall_bot_ws/src/wall_follower/install/wall_follower/lib/python3.10/site-packages/wall_follower/wall_follower_node.py to wall_follower_node.cpython-310.pyc
[1.999s] byte-compiling /home/shanto/Github/wall_bot_ws/src/wall_follower/install/wall_follower/lib/python3.10/site-packages/wall_follower/line_counter_node.py to line_counter_node.cpython-310.pyc
[2.001s] running install_data
[2.002s] creating /home/shanto/Github/wall_bot_ws/src/wall_follower/install/wall_follower/share/ament_index
[2.002s] creating /home/shanto/Github/wall_bot_ws/src/wall_follower/install/wall_follower/share/ament_index/resource_index
[2.002s] creating /home/shanto/Github/wall_bot_ws/src/wall_follower/install/wall_follower/share/ament_index/resource_index/packages
[2.002s] copying resource/wall_follower -> /home/shanto/Github/wall_bot_ws/src/wall_follower/install/wall_follower/share/ament_index/resource_index/packages
[2.003s] copying package.xml -> /home/shanto/Github/wall_bot_ws/src/wall_follower/install/wall_follower/share/wall_follower
[2.003s] creating /home/shanto/Github/wall_bot_ws/src/wall_follower/install/wall_follower/share/wall_follower/launch
[2.003s] copying launch/lap_mission.launch.py -> /home/shanto/Github/wall_bot_ws/src/wall_follower/install/wall_follower/share/wall_follower/launch
[2.003s] copying launch/wall_follower.launch.py -> /home/shanto/Github/wall_bot_ws/src/wall_follower/install/wall_follower/share/wall_follower/launch
[2.003s] running install_egg_info
[2.006s] Copying build/wall_follower/wall_follower.egg-info to /home/shanto/Github/wall_bot_ws/src/wall_follower/install/wall_follower/lib/python3.10/site-packages/wall_follower-0.0.0-py3.10.egg-info
[2.008s] running install_scripts
[2.061s] Installing line_counter_node script to /home/shanto/Github/wall_bot_ws/src/wall_follower/install/wall_follower/lib/wall_follower
[2.062s] Installing wall_follower_node script to /home/shanto/Github/wall_bot_ws/src/wall_follower/install/wall_follower/lib/wall_follower
[2.064s] writing list of installed files to '/home/shanto/Github/wall_bot_ws/src/wall_follower/build/wall_follower/install.log'
[2.121s] Invoked command in '/home/shanto/Github/wall_bot_ws/src/wall_follower' returned '0': PYTHONPATH=/home/shanto/Github/wall_bot_ws/src/wall_follower/build/wall_follower/prefix_override:/usr/lib/python3/dist-packages/colcon_core/task/python/colcon_distutils_commands:/home/shanto/Github/wall_bot_ws/src/wall_follower/install/wall_follower/lib/python3.10/site-packages:${PYTHONPATH} /usr/bin/python3 -W ignore:setup.py install is deprecated -W ignore:easy_install command is deprecated setup.py egg_info --egg-base build/wall_follower build --build-base /home/shanto/Github/wall_bot_ws/src/wall_follower/build/wall_follower/build install --record /home/shanto/Github/wall_bot_ws/src/wall_follower/build/wall_follower/install.log --single-version-externally-managed install_data
